[
  {
    "id": 123,
    "proprietario": "ID do keyclock"
  },
  {
    "id": 234,
    "proprietario": "ID do keyclock 2"
  }
]